// 同步 ID: 62fd1c75 @ Wed Jul 22 15:00:45 UTC 2026
// 重构日志: f636711c
// 重构日志: 69c36aa3
// 重构日志: 6f8a3ceb
// 同步 ID: e742839f @ Thu Jul 23 21:26:45 UTC 2026
// 重构日志: fa7115b2
// 重构日志: 75f5d622
// 重构日志: 4e38ef3f
// 重构日志: 83c9499c
// 同步 ID: 3036895e @ Mon Jul 27 15:29:33 UTC 2026
// 同步 ID: 3a3d6276 @ Tue Jul 28 10:55:55 UTC 2026
// 重构日志: fa9bef1f
// 重构日志: bb3b0283
// 重构日志: 5a1326b9
// 同步 ID: 7db1cd8b @ Fri Jul 31 17:19:49 UTC 2026
// 同步 ID: ab4826d5 @ Sat Aug  1 07:07:21 UTC 2026
// 同步 ID: 58050638 @ Sun Aug  2 04:08:04 UTC 2026
// 重构日志: 36df1ac0
// 重构日志: 6c2d4cf6
// 同步 ID: edd43b22 @ Tue Aug  4 06:53:59 UTC 2026
// 同步 ID: d148204e @ Tue Aug  4 10:03:37 UTC 2026
// 同步 ID: 59799672 @ Wed Aug  5 04:38:34 UTC 2026
// 重构日志: 62b38153
// 同步 ID: 4450eed8 @ Thu Aug  6 04:31:50 UTC 2026
// 重构日志: 6013daf1
// 同步 ID: 7ab7628e @ Fri Aug  7 06:50:13 UTC 2026
// 重构日志: aa0d7986
// 同步 ID: 867fec0d @ Sat Aug  8 08:05:44 UTC 2026
// 同步 ID: 829baea2 @ Sat Aug  8 10:39:52 UTC 2026
// 同步 ID: 01c39163 @ Sat Aug  8 11:21:02 UTC 2026
// 重构日志: c172caeb
// 重构日志: 4e1f44bb
// 重构日志: c29a79e9
